{"total_generated": 186, "total_reaching_sat": 163, "encodings": ["prefix", "exclude_x", "exclude_h"], "repeats": 1, "timeout_seconds": 2.0}
{"case_id": "c0099", "cell": "J50_p0.7", "encoding": "prefix", "repeat": 0, "status": "SAT", "solve_seconds": 0.02272119100052805, "sat_stage_seconds": 0.0269960510013334}
{"case_id": "c0099", "cell": "J50_p0.7", "encoding": "exclude_x", "repeat": 0, "status": "SAT", "solve_seconds": 0.01612036000005901, "sat_stage_seconds": 0.019542305999493692}
{"case_id": "c0099", "cell": "J50_p0.7", "encoding": "exclude_h", "repeat": 0, "status": "SAT", "solve_seconds": 0.015510745999563369, "sat_stage_seconds": 0.018789989999277168}
{"case_id": "c0110", "cell": "J50_w3", "encoding": "exclude_x", "repeat": 0, "status": "UNSAT", "solve_seconds": 0.007090807001077337, "sat_stage_seconds": 0.011917977000848623}
{"case_id": "c0110", "cell": "J50_w3", "encoding": "prefix", "repeat": 0, "status": "UNSAT", "solve_seconds": 0.0075006959996244404, "sat_stage_seconds": 0.012147919000199181}
{"case_id": "c0110", "cell": "J50_w3", "encoding": "exclude_h", "repeat": 0, "status": "UNSAT", "solve_seconds": 0.005150889001015457, "sat_stage_seconds": 0.011174143000971526}
{"case_id": "c0086", "cell": "J50_p0.3", "encoding": "exclude_h", "repeat": 0, "status": "UNSAT", "solve_seconds": 0.001967107999007567, "sat_stage_seconds": 0.0050561899988679215}
{"case_id": "c0086", "cell": "J50_p0.3", "encoding": "prefix", "repeat": 0, "status": "UNSAT", "solve_seconds": 0.004821320999326417, "sat_stage_seconds": 0.008131039998261258}
{"case_id": "c0086", "cell": "J50_p0.3", "encoding": "exclude_x", "repeat": 0, "status": "UNSAT", "solve_seconds": 0.002223889001470525, "sat_stage_seconds": 0.005453320001834072}
{"case_id": "c0146", "cell": "J80_w2", "encoding": "prefix", "repeat": 0, "status": "UNSAT", "solve_seconds": 0.00691336400086584, "sat_stage_seconds": 0.01152323200039973}
{"case_id": "c0146", "cell": "J80_w2", "encoding": "exclude_h", "repeat": 0, "status": "UNSAT", "solve_seconds": 0.007129624998924555, "sat_stage_seconds": 0.011668666998957633}
{"case_id": "c0146", "cell": "J80_w2", "encoding": "exclude_x", "repeat": 0, "status": "UNSAT", "solve_seconds": 0.005424015000244253, "sat_stage_seconds": 0.009827706999203656}
{"case_id": "c0140", "cell": "J80_p0.7", "encoding": "exclude_h", "repeat": 0, "status": "UNSAT", "solve_seconds": 1.590726870999788, "sat_stage_seconds": 1.5958714119988144}
{"case_id": "c0140", "cell": "J80_p0.7", "encoding": "prefix", "repeat": 0, "status": "UNSAT", "solve_seconds": 1.291955026999858, "sat_stage_seconds": 1.305041016999894}
{"case_id": "c0140", "cell": "J80_p0.7", "encoding": "exclude_x", "repeat": 0, "status": "UNSAT", "solve_seconds": 1.5477639750006347, "sat_stage_seconds": 1.554222855000262}
{"case_id": "c0160", "cell": "J80_w5", "encoding": "exclude_h", "repeat": 0, "status": "UNSAT", "solve_seconds": 0.22809651799980202, "sat_stage_seconds": 0.2420092640004441}
{"case_id": "c0160", "cell": "J80_w5", "encoding": "exclude_x", "repeat": 0, "status": "UNSAT", "solve_seconds": 0.26592507299938006, "sat_stage_seconds": 0.2745911669990164}
{"case_id": "c0160", "cell": "J80_w5", "encoding": "prefix", "repeat": 0, "status": "UNSAT", "solve_seconds": 0.2026199550000456, "sat_stage_seconds": 0.21214439200048218}
{"case_id": "c0105", "cell": "J50_w2", "encoding": "exclude_x", "repeat": 0, "status": "UNSAT", "solve_seconds": 0.004046873000334017, "sat_stage_seconds": 0.007306437000806909}
{"case_id": "c0105", "cell": "J50_w2", "encoding": "exclude_h", "repeat": 0, "status": "UNSAT", "solve_seconds": 0.0034495969994168263, "sat_stage_seconds": 0.0068301809988042805}
{"case_id": "c0105", "cell": "J50_w2", "encoding": "prefix", "repeat": 0, "status": "UNSAT", "solve_seconds": 0.0038713819994882215, "sat_stage_seconds": 0.007490258998586796}
{"case_id": "c0044", "cell": "J35_p0.3", "encoding": "exclude_x", "repeat": 0, "status": "UNSAT", "solve_seconds": 0.007305746999918483, "sat_stage_seconds": 0.010799318999488605}
{"case_id": "c0044", "cell": "J35_p0.3", "encoding": "exclude_h", "repeat": 0, "status": "UNSAT", "solve_seconds": 0.007771606999085634, "sat_stage_seconds": 0.011347560999638517}
{"case_id": "c0044", "cell": "J35_p0.3", "encoding": "prefix", "repeat": 0, "status": "UNSAT", "solve_seconds": 0.006256829999983893, "sat_stage_seconds": 0.00990680299946689}
{"case_id": "c0150", "cell": "J80_w3", "encoding": "exclude_x", "repeat": 0, "status": "UNSAT", "solve_seconds": 0.006774459001462674, "sat_stage_seconds": 0.013900929001465556}
{"case_id": "c0150", "cell": "J80_w3", "encoding": "prefix", "repeat": 0, "status": "UNSAT", "solve_seconds": 0.009445459998460137, "sat_stage_seconds": 0.016019941998820286}
{"case_id": "c0150", "cell": "J80_w3", "encoding": "exclude_h", "repeat": 0, "status": "UNSAT", "solve_seconds": 0.006690434000120149, "sat_stage_seconds": 0.013239727999462048}
{"case_id": "c0102", "cell": "J50_w2", "encoding": "exclude_x", "repeat": 0, "status": "UNSAT", "solve_seconds": 0.0035412629986240063, "sat_stage_seconds": 0.006934304998139851}
{"case_id": "c0102", "cell": "J50_w2", "encoding": "prefix", "repeat": 0, "status": "UNSAT", "solve_seconds": 0.005156499000804615, "sat_stage_seconds": 0.008528330999979516}
{"case_id": "c0102", "cell": "J50_w2", "encoding": "exclude_h", "repeat": 0, "status": "UNSAT", "solve_seconds": 0.003741800999705447, "sat_stage_seconds": 0.006962047998968046}
{"case_id": "c0061", "cell": "J35_w2", "encoding": "prefix", "repeat": 0, "status": "UNSAT", "solve_seconds": 0.004627944999811007, "sat_stage_seconds": 0.007746831000986276}
{"case_id": "c0061", "cell": "J35_w2", "encoding": "exclude_h", "repeat": 0, "status": "UNSAT", "solve_seconds": 0.002582099999926868, "sat_stage_seconds": 0.005717269999877317}
{"case_id": "c0061", "cell": "J35_w2", "encoding": "exclude_x", "repeat": 0, "status": "UNSAT", "solve_seconds": 0.0028444279996620025, "sat_stage_seconds": 0.005854281998836086}
{"case_id": "c0069", "cell": "J35_w3", "encoding": "prefix", "repeat": 0, "status": "UNSAT", "solve_seconds": 0.00576373900003091, "sat_stage_seconds": 0.009460662000492448}
{"case_id": "c0069", "cell": "J35_w3", "encoding": "exclude_x", "repeat": 0, "status": "UNSAT", "solve_seconds": 0.003956900000048336, "sat_stage_seconds": 0.0075089679994562175}
{"case_id": "c0069", "cell": "J35_w3", "encoding": "exclude_h", "repeat": 0, "status": "UNSAT", "solve_seconds": 0.006006879999404191, "sat_stage_seconds": 0.010816012998475344}
{"case_id": "c0052", "cell": "J35_p0.5", "encoding": "exclude_h", "repeat": 0, "status": "UNSAT", "solve_seconds": 0.05215051199957088, "sat_stage_seconds": 0.05631367699970724}
{"case_id": "c0052", "cell": "J35_p0.5", "encoding": "exclude_x", "repeat": 0, "status": "UNSAT", "solve_seconds": 0.04185108499950729, "sat_stage_seconds": 0.04567042000053334}
{"case_id": "c0052", "cell": "J35_p0.5", "encoding": "prefix", "repeat": 0, "status": "UNSAT", "solve_seconds": 0.0437604979997559, "sat_stage_seconds": 0.04781459099831409}
{"case_id": "c0058", "cell": "J35_p0.7", "encoding": "exclude_h", "repeat": 0, "status": "UNSAT", "solve_seconds": 1.2580640739997762, "sat_stage_seconds": 1.2637813849996746}
{"case_id": "c0058", "cell": "J35_p0.7", "encoding": "exclude_x", "repeat": 0, "status": "UNSAT", "solve_seconds": 1.4752360179991229, "sat_stage_seconds": 1.4789031780001096}
{"case_id": "c0058", "cell": "J35_p0.7", "encoding": "prefix", "repeat": 0, "status": "UNSAT", "solve_seconds": 1.1897753569992346, "sat_stage_seconds": 1.1937940169991634}
{"case_id": "c0031", "cell": "J20_w5", "encoding": "prefix", "repeat": 0, "status": "UNSAT", "solve_seconds": 0.17239070899995568, "sat_stage_seconds": 0.17541191000054823}
{"case_id": "c0031", "cell": "J20_w5", "encoding": "exclude_h", "repeat": 0, "status": "UNSAT", "solve_seconds": 0.2260900089986535, "sat_stage_seconds": 0.22938684899781947}
{"case_id": "c0031", "cell": "J20_w5", "encoding": "exclude_x", "repeat": 0, "status": "UNSAT", "solve_seconds": 0.19929622699964966, "sat_stage_seconds": 0.2023170279990154}
{"case_id": "c0089", "cell": "J50_p0.3", "encoding": "prefix", "repeat": 0, "status": "UNSAT", "solve_seconds": 0.004722014000435593, "sat_stage_seconds": 0.008562900999095291}
{"case_id": "c0089", "cell": "J50_p0.3", "encoding": "exclude_h", "repeat": 0, "status": "UNSAT", "solve_seconds": 0.004897578999589314, "sat_stage_seconds": 0.008514062998074223}
{"case_id": "c0089", "cell": "J50_p0.3", "encoding": "exclude_x", "repeat": 0, "status": "UNSAT", "solve_seconds": 0.001995329999772366, "sat_stage_seconds": 0.006364389999362174}
{"case_id": "c0071", "cell": "J35_w3", "encoding": "prefix", "repeat": 0, "status": "UNSAT", "solve_seconds": 0.006908067000040319, "sat_stage_seconds": 0.010989120000886032}
{"case_id": "c0071", "cell": "J35_w3", "encoding": "exclude_h", "repeat": 0, "status": "UNSAT", "solve_seconds": 0.006040129001121386, "sat_stage_seconds": 0.010469918999660877}
{"case_id": "c0071", "cell": "J35_w3", "encoding": "exclude_x", "repeat": 0, "status": "UNSAT", "solve_seconds": 0.006181468999784556, "sat_stage_seconds": 0.010378102999311523}
{"case_id": "c0171", "cell": "all_pairs", "encoding": "prefix", "repeat": 0, "status": "UNSAT", "solve_seconds": 0.008409854001001804, "sat_stage_seconds": 0.013853979002306005}
{"case_id": "c0171", "cell": "all_pairs", "encoding": "exclude_x", "repeat": 0, "status": "UNSAT", "solve_seconds": 0.008008699000129127, "sat_stage_seconds": 0.015504698001677752}
{"case_id": "c0171", "cell": "all_pairs", "encoding": "exclude_h", "repeat": 0, "status": "UNSAT", "solve_seconds": 0.005754666000939324, "sat_stage_seconds": 0.013442859000861063}
{"case_id": "c0063", "cell": "J35_w2", "encoding": "exclude_x", "repeat": 0, "status": "UNSAT", "solve_seconds": 0.0038330649986164644, "sat_stage_seconds": 0.006487821998234722}
{"case_id": "c0063", "cell": "J35_w2", "encoding": "prefix", "repeat": 0, "status": "UNSAT", "solve_seconds": 0.007076546000462258, "sat_stage_seconds": 0.01059762899967609}
{"case_id": "c0063", "cell": "J35_w2", "encoding": "exclude_h", "repeat": 0, "status": "UNSAT", "solve_seconds": 0.0034174189986515557, "sat_stage_seconds": 0.00620861899733427}
{"case_id": "c0109", "cell": "J50_w3", "encoding": "exclude_h", "repeat": 0, "status": "UNSAT", "solve_seconds": 0.007167862000642344, "sat_stage_seconds": 0.011971277001066483}
{"case_id": "c0109", "cell": "J50_w3", "encoding": "prefix", "repeat": 0, "status": "UNSAT", "solve_seconds": 0.015763516999868443, "sat_stage_seconds": 0.022343787999488995}
{"case_id": "c0109", "cell": "J50_w3", "encoding": "exclude_x", "repeat": 0, "status": "UNSAT", "solve_seconds": 0.009210611999151297, "sat_stage_seconds": 0.014818439998634858}
{"completed": true, "cases": 20, "runs": 60}
