{"total_generated": 18, "total_reaching_sat": 16, "encodings": ["prefix", "exclude_x", "exclude_h"], "repeats": 3, "timeout_seconds": 5.0}
{"case_id": "p0010", "cell": "J35_cycle_factor_w2", "encoding": "prefix", "repeat": 0, "status": "SAT", "solve_seconds": 0.007309123000595719, "sat_stage_seconds": 0.011128428001029533}
{"case_id": "p0010", "cell": "J35_cycle_factor_w2", "encoding": "exclude_h", "repeat": 0, "status": "SAT", "solve_seconds": 0.004984152999895741, "sat_stage_seconds": 0.009443278000617283}
{"case_id": "p0010", "cell": "J35_cycle_factor_w2", "encoding": "exclude_x", "repeat": 0, "status": "SAT", "solve_seconds": 0.003971981999711716, "sat_stage_seconds": 0.007686531998842838}
{"case_id": "p0010", "cell": "J35_cycle_factor_w2", "encoding": "exclude_h", "repeat": 1, "status": "SAT", "solve_seconds": 0.004142384999795468, "sat_stage_seconds": 0.007055165999190649}
{"case_id": "p0010", "cell": "J35_cycle_factor_w2", "encoding": "exclude_x", "repeat": 1, "status": "SAT", "solve_seconds": 0.004156054999839398, "sat_stage_seconds": 0.00729809699987527}
{"case_id": "p0010", "cell": "J35_cycle_factor_w2", "encoding": "prefix", "repeat": 1, "status": "SAT", "solve_seconds": 0.007171528000981198, "sat_stage_seconds": 0.010319848999643}
{"case_id": "p0010", "cell": "J35_cycle_factor_w2", "encoding": "exclude_x", "repeat": 2, "status": "SAT", "solve_seconds": 0.0038538870012416737, "sat_stage_seconds": 0.006811224002376548}
{"case_id": "p0010", "cell": "J35_cycle_factor_w2", "encoding": "prefix", "repeat": 2, "status": "SAT", "solve_seconds": 0.006666989998848294, "sat_stage_seconds": 0.009690725999462302}
{"case_id": "p0010", "cell": "J35_cycle_factor_w2", "encoding": "exclude_h", "repeat": 2, "status": "SAT", "solve_seconds": 0.00398677500015765, "sat_stage_seconds": 0.006938833999811322}
{"case_id": "p0007", "cell": "J35_cycle_factor_w2", "encoding": "prefix", "repeat": 0, "status": "SAT", "solve_seconds": 0.008799512999758008, "sat_stage_seconds": 0.012043214999721386}
{"case_id": "p0007", "cell": "J35_cycle_factor_w2", "encoding": "exclude_h", "repeat": 0, "status": "SAT", "solve_seconds": 0.003998070998932235, "sat_stage_seconds": 0.007198427998446277}
{"case_id": "p0007", "cell": "J35_cycle_factor_w2", "encoding": "exclude_x", "repeat": 0, "status": "SAT", "solve_seconds": 0.003918452999641886, "sat_stage_seconds": 0.006933444999958738}
{"case_id": "p0007", "cell": "J35_cycle_factor_w2", "encoding": "exclude_h", "repeat": 1, "status": "SAT", "solve_seconds": 0.0038885889989614952, "sat_stage_seconds": 0.007012762998783728}
{"case_id": "p0007", "cell": "J35_cycle_factor_w2", "encoding": "exclude_x", "repeat": 1, "status": "SAT", "solve_seconds": 0.004493154998272075, "sat_stage_seconds": 0.007993136998265982}
{"case_id": "p0007", "cell": "J35_cycle_factor_w2", "encoding": "prefix", "repeat": 1, "status": "SAT", "solve_seconds": 0.008205801999793039, "sat_stage_seconds": 0.011463204999017762}
{"case_id": "p0007", "cell": "J35_cycle_factor_w2", "encoding": "exclude_x", "repeat": 2, "status": "SAT", "solve_seconds": 0.00400945799992769, "sat_stage_seconds": 0.0083457399996405}
{"case_id": "p0007", "cell": "J35_cycle_factor_w2", "encoding": "prefix", "repeat": 2, "status": "SAT", "solve_seconds": 0.008242646999860881, "sat_stage_seconds": 0.011599666000620346}
{"case_id": "p0007", "cell": "J35_cycle_factor_w2", "encoding": "exclude_h", "repeat": 2, "status": "SAT", "solve_seconds": 0.0039526140008092625, "sat_stage_seconds": 0.007149946999561507}
{"case_id": "p0006", "cell": "J35_cycle_factor_w2", "encoding": "prefix", "repeat": 0, "status": "SAT", "solve_seconds": 0.005536632999792346, "sat_stage_seconds": 0.008694676998857176}
{"case_id": "p0006", "cell": "J35_cycle_factor_w2", "encoding": "exclude_x", "repeat": 0, "status": "SAT", "solve_seconds": 0.0033290190003754105, "sat_stage_seconds": 0.00642228800097655}
{"case_id": "p0006", "cell": "J35_cycle_factor_w2", "encoding": "exclude_h", "repeat": 0, "status": "SAT", "solve_seconds": 0.003355387998453807, "sat_stage_seconds": 0.007205488998806686}
{"case_id": "p0006", "cell": "J35_cycle_factor_w2", "encoding": "exclude_x", "repeat": 1, "status": "SAT", "solve_seconds": 0.0032014089993026573, "sat_stage_seconds": 0.006377650999638718}
{"case_id": "p0006", "cell": "J35_cycle_factor_w2", "encoding": "exclude_h", "repeat": 1, "status": "SAT", "solve_seconds": 0.0033114420002675615, "sat_stage_seconds": 0.0063905800016073044}
{"case_id": "p0006", "cell": "J35_cycle_factor_w2", "encoding": "prefix", "repeat": 1, "status": "SAT", "solve_seconds": 0.005648960001053638, "sat_stage_seconds": 0.00900726100007887}
{"case_id": "p0006", "cell": "J35_cycle_factor_w2", "encoding": "exclude_h", "repeat": 2, "status": "SAT", "solve_seconds": 0.0032014690004871227, "sat_stage_seconds": 0.006277493001107359}
{"case_id": "p0006", "cell": "J35_cycle_factor_w2", "encoding": "prefix", "repeat": 2, "status": "SAT", "solve_seconds": 0.005543233000935288, "sat_stage_seconds": 0.008825462000459083}
{"case_id": "p0006", "cell": "J35_cycle_factor_w2", "encoding": "exclude_x", "repeat": 2, "status": "SAT", "solve_seconds": 0.0032225000013568206, "sat_stage_seconds": 0.0063153280007099966}
{"case_id": "p0016", "cell": "J50_cycle_factor_w2", "encoding": "prefix", "repeat": 0, "status": "SAT", "solve_seconds": 0.0057890980006050086, "sat_stage_seconds": 0.009068833000128507}
{"case_id": "p0016", "cell": "J50_cycle_factor_w2", "encoding": "exclude_x", "repeat": 0, "status": "SAT", "solve_seconds": 0.00479228899894224, "sat_stage_seconds": 0.007936201998745673}
{"case_id": "p0016", "cell": "J50_cycle_factor_w2", "encoding": "exclude_h", "repeat": 0, "status": "SAT", "solve_seconds": 0.005344848999811802, "sat_stage_seconds": 0.008764841999436612}
{"case_id": "p0016", "cell": "J50_cycle_factor_w2", "encoding": "exclude_x", "repeat": 1, "status": "SAT", "solve_seconds": 0.004444973001227481, "sat_stage_seconds": 0.007605171002069255}
{"case_id": "p0016", "cell": "J50_cycle_factor_w2", "encoding": "exclude_h", "repeat": 1, "status": "SAT", "solve_seconds": 0.004953188001309172, "sat_stage_seconds": 0.008144502000504872}
{"case_id": "p0016", "cell": "J50_cycle_factor_w2", "encoding": "prefix", "repeat": 1, "status": "SAT", "solve_seconds": 0.005900371999814524, "sat_stage_seconds": 0.009590314999513794}
{"case_id": "p0016", "cell": "J50_cycle_factor_w2", "encoding": "exclude_h", "repeat": 2, "status": "SAT", "solve_seconds": 0.004835443000047235, "sat_stage_seconds": 0.007999416999155073}
{"case_id": "p0016", "cell": "J50_cycle_factor_w2", "encoding": "prefix", "repeat": 2, "status": "SAT", "solve_seconds": 0.0069938749984430615, "sat_stage_seconds": 0.01047041199853993}
{"case_id": "p0016", "cell": "J50_cycle_factor_w2", "encoding": "exclude_x", "repeat": 2, "status": "SAT", "solve_seconds": 0.004711709001639974, "sat_stage_seconds": 0.008065534002525965}
{"case_id": "p0011", "cell": "J35_cycle_factor_w2", "encoding": "exclude_h", "repeat": 0, "status": "SAT", "solve_seconds": 0.0044049339994671755, "sat_stage_seconds": 0.00771669699861377}
{"case_id": "p0011", "cell": "J35_cycle_factor_w2", "encoding": "exclude_x", "repeat": 0, "status": "SAT", "solve_seconds": 0.0045713309991697315, "sat_stage_seconds": 0.007908370998848113}
{"case_id": "p0011", "cell": "J35_cycle_factor_w2", "encoding": "prefix", "repeat": 0, "status": "SAT", "solve_seconds": 0.007778628998494241, "sat_stage_seconds": 0.010966508998535573}
{"case_id": "p0011", "cell": "J35_cycle_factor_w2", "encoding": "exclude_x", "repeat": 1, "status": "SAT", "solve_seconds": 0.00443258599989349, "sat_stage_seconds": 0.0078056000002106884}
{"case_id": "p0011", "cell": "J35_cycle_factor_w2", "encoding": "prefix", "repeat": 1, "status": "SAT", "solve_seconds": 0.007587025000248104, "sat_stage_seconds": 0.010891366000578273}
{"case_id": "p0011", "cell": "J35_cycle_factor_w2", "encoding": "exclude_h", "repeat": 1, "status": "SAT", "solve_seconds": 0.004395269999804441, "sat_stage_seconds": 0.007606953999129473}
{"case_id": "p0011", "cell": "J35_cycle_factor_w2", "encoding": "prefix", "repeat": 2, "status": "SAT", "solve_seconds": 0.007711429998380481, "sat_stage_seconds": 0.010948301000098581}
{"case_id": "p0011", "cell": "J35_cycle_factor_w2", "encoding": "exclude_h", "repeat": 2, "status": "SAT", "solve_seconds": 0.004379816999062314, "sat_stage_seconds": 0.007482118999178056}
{"case_id": "p0011", "cell": "J35_cycle_factor_w2", "encoding": "exclude_x", "repeat": 2, "status": "SAT", "solve_seconds": 0.00467400399975304, "sat_stage_seconds": 0.008000838999578264}
{"case_id": "p0013", "cell": "J50_cycle_factor_w2", "encoding": "exclude_h", "repeat": 0, "status": "SAT", "solve_seconds": 0.003795630000240635, "sat_stage_seconds": 0.007018090000201482}
{"case_id": "p0013", "cell": "J50_cycle_factor_w2", "encoding": "prefix", "repeat": 0, "status": "SAT", "solve_seconds": 0.004619593000825262, "sat_stage_seconds": 0.007884607000960386}
{"case_id": "p0013", "cell": "J50_cycle_factor_w2", "encoding": "exclude_x", "repeat": 0, "status": "SAT", "solve_seconds": 0.00451496699861309, "sat_stage_seconds": 0.0077690339985565515}
{"case_id": "p0013", "cell": "J50_cycle_factor_w2", "encoding": "prefix", "repeat": 1, "status": "SAT", "solve_seconds": 0.004753962000904721, "sat_stage_seconds": 0.008171061001121416}
{"case_id": "p0013", "cell": "J50_cycle_factor_w2", "encoding": "exclude_x", "repeat": 1, "status": "SAT", "solve_seconds": 0.0035777169996435987, "sat_stage_seconds": 0.0066688729984889505}
{"case_id": "p0013", "cell": "J50_cycle_factor_w2", "encoding": "exclude_h", "repeat": 1, "status": "SAT", "solve_seconds": 0.0038636019999103155, "sat_stage_seconds": 0.007174444001066149}
{"case_id": "p0013", "cell": "J50_cycle_factor_w2", "encoding": "exclude_x", "repeat": 2, "status": "SAT", "solve_seconds": 0.0036154629997326992, "sat_stage_seconds": 0.006832645000031334}
{"case_id": "p0013", "cell": "J50_cycle_factor_w2", "encoding": "exclude_h", "repeat": 2, "status": "SAT", "solve_seconds": 0.003696873998705996, "sat_stage_seconds": 0.006768900999304606}
{"case_id": "p0013", "cell": "J50_cycle_factor_w2", "encoding": "prefix", "repeat": 2, "status": "SAT", "solve_seconds": 0.005908815999646322, "sat_stage_seconds": 0.009145927999270498}
{"case_id": "p0003", "cell": "J20_cycle_factor_w2", "encoding": "exclude_h", "repeat": 0, "status": "SAT", "solve_seconds": 0.006483447999926284, "sat_stage_seconds": 0.008971850000307313}
{"case_id": "p0003", "cell": "J20_cycle_factor_w2", "encoding": "prefix", "repeat": 0, "status": "SAT", "solve_seconds": 0.006491078998806188, "sat_stage_seconds": 0.009101501997065498}
{"case_id": "p0003", "cell": "J20_cycle_factor_w2", "encoding": "exclude_x", "repeat": 0, "status": "SAT", "solve_seconds": 0.006235399998331559, "sat_stage_seconds": 0.008566076998249628}
{"case_id": "p0003", "cell": "J20_cycle_factor_w2", "encoding": "prefix", "repeat": 1, "status": "SAT", "solve_seconds": 0.006264913999984856, "sat_stage_seconds": 0.008888976999514853}
{"case_id": "p0003", "cell": "J20_cycle_factor_w2", "encoding": "exclude_x", "repeat": 1, "status": "SAT", "solve_seconds": 0.005932500998824253, "sat_stage_seconds": 0.008307493999382132}
{"case_id": "p0003", "cell": "J20_cycle_factor_w2", "encoding": "exclude_h", "repeat": 1, "status": "SAT", "solve_seconds": 0.0062835310000082245, "sat_stage_seconds": 0.008462953999696765}
{"case_id": "p0003", "cell": "J20_cycle_factor_w2", "encoding": "exclude_x", "repeat": 2, "status": "SAT", "solve_seconds": 0.006029905000104918, "sat_stage_seconds": 0.00836949599943182}
{"case_id": "p0003", "cell": "J20_cycle_factor_w2", "encoding": "exclude_h", "repeat": 2, "status": "SAT", "solve_seconds": 0.006299855000179377, "sat_stage_seconds": 0.008836708000671933}
{"case_id": "p0003", "cell": "J20_cycle_factor_w2", "encoding": "prefix", "repeat": 2, "status": "SAT", "solve_seconds": 0.0066466400003264425, "sat_stage_seconds": 0.009140308999121771}
{"case_id": "p0015", "cell": "J50_cycle_factor_w2", "encoding": "prefix", "repeat": 0, "status": "SAT", "solve_seconds": 0.0060308060001261765, "sat_stage_seconds": 0.010162223999941489}
{"case_id": "p0015", "cell": "J50_cycle_factor_w2", "encoding": "exclude_x", "repeat": 0, "status": "SAT", "solve_seconds": 0.003720429000168224, "sat_stage_seconds": 0.0073658860001160065}
{"case_id": "p0015", "cell": "J50_cycle_factor_w2", "encoding": "exclude_h", "repeat": 0, "status": "SAT", "solve_seconds": 0.003704154001752613, "sat_stage_seconds": 0.0073012500015465776}
{"case_id": "p0015", "cell": "J50_cycle_factor_w2", "encoding": "exclude_x", "repeat": 1, "status": "SAT", "solve_seconds": 0.0037318559989216737, "sat_stage_seconds": 0.007580915998914861}
{"case_id": "p0015", "cell": "J50_cycle_factor_w2", "encoding": "exclude_h", "repeat": 1, "status": "SAT", "solve_seconds": 0.003652687999419868, "sat_stage_seconds": 0.0072205710002890555}
{"case_id": "p0015", "cell": "J50_cycle_factor_w2", "encoding": "prefix", "repeat": 1, "status": "SAT", "solve_seconds": 0.005736319000789081, "sat_stage_seconds": 0.009419052001248929}
{"case_id": "p0015", "cell": "J50_cycle_factor_w2", "encoding": "exclude_h", "repeat": 2, "status": "SAT", "solve_seconds": 0.0035965349998150486, "sat_stage_seconds": 0.007117447998098214}
{"case_id": "p0015", "cell": "J50_cycle_factor_w2", "encoding": "prefix", "repeat": 2, "status": "SAT", "solve_seconds": 0.005838660999870626, "sat_stage_seconds": 0.009458440999878803}
{"case_id": "p0015", "cell": "J50_cycle_factor_w2", "encoding": "exclude_x", "repeat": 2, "status": "SAT", "solve_seconds": 0.003619238999817753, "sat_stage_seconds": 0.007192668999778107}
{"case_id": "p0008", "cell": "J35_cycle_factor_w2", "encoding": "prefix", "repeat": 0, "status": "SAT", "solve_seconds": 0.007656318000954343, "sat_stage_seconds": 0.010648106001099222}
{"case_id": "p0008", "cell": "J35_cycle_factor_w2", "encoding": "exclude_h", "repeat": 0, "status": "SAT", "solve_seconds": 0.008421472000918584, "sat_stage_seconds": 0.0112157270013995}
{"case_id": "p0008", "cell": "J35_cycle_factor_w2", "encoding": "exclude_x", "repeat": 0, "status": "SAT", "solve_seconds": 0.005653596999763977, "sat_stage_seconds": 0.008560549000321771}
{"case_id": "p0008", "cell": "J35_cycle_factor_w2", "encoding": "exclude_h", "repeat": 1, "status": "SAT", "solve_seconds": 0.007869123001000844, "sat_stage_seconds": 0.011189749002369354}
{"case_id": "p0008", "cell": "J35_cycle_factor_w2", "encoding": "exclude_x", "repeat": 1, "status": "SAT", "solve_seconds": 0.005802718000268214, "sat_stage_seconds": 0.008842888000799576}
{"case_id": "p0008", "cell": "J35_cycle_factor_w2", "encoding": "prefix", "repeat": 1, "status": "SAT", "solve_seconds": 0.007839650001187692, "sat_stage_seconds": 0.01151761599976453}
{"case_id": "p0008", "cell": "J35_cycle_factor_w2", "encoding": "exclude_x", "repeat": 2, "status": "SAT", "solve_seconds": 0.005700244999388815, "sat_stage_seconds": 0.008649449999211356}
{"case_id": "p0008", "cell": "J35_cycle_factor_w2", "encoding": "prefix", "repeat": 2, "status": "SAT", "solve_seconds": 0.0076629769991996, "sat_stage_seconds": 0.010697497998990002}
{"case_id": "p0008", "cell": "J35_cycle_factor_w2", "encoding": "exclude_h", "repeat": 2, "status": "SAT", "solve_seconds": 0.008435043000645237, "sat_stage_seconds": 0.01223175500126672}
{"case_id": "p0014", "cell": "J50_cycle_factor_w2", "encoding": "exclude_x", "repeat": 0, "status": "SAT", "solve_seconds": 0.006700820000332897, "sat_stage_seconds": 0.01267381999969075}
{"case_id": "p0014", "cell": "J50_cycle_factor_w2", "encoding": "prefix", "repeat": 0, "status": "SAT", "solve_seconds": 0.004806850000022678, "sat_stage_seconds": 0.00867244499931985}
{"case_id": "p0014", "cell": "J50_cycle_factor_w2", "encoding": "exclude_h", "repeat": 0, "status": "SAT", "solve_seconds": 0.004198067999823252, "sat_stage_seconds": 0.007792128999426495}
{"case_id": "p0014", "cell": "J50_cycle_factor_w2", "encoding": "prefix", "repeat": 1, "status": "SAT", "solve_seconds": 0.004601315000400064, "sat_stage_seconds": 0.008547998999347328}
{"case_id": "p0014", "cell": "J50_cycle_factor_w2", "encoding": "exclude_h", "repeat": 1, "status": "SAT", "solve_seconds": 0.004145528999288217, "sat_stage_seconds": 0.00789154599806352}
{"case_id": "p0014", "cell": "J50_cycle_factor_w2", "encoding": "exclude_x", "repeat": 1, "status": "SAT", "solve_seconds": 0.004063737998876604, "sat_stage_seconds": 0.007537020999734523}
{"case_id": "p0014", "cell": "J50_cycle_factor_w2", "encoding": "exclude_h", "repeat": 2, "status": "SAT", "solve_seconds": 0.004441167999175377, "sat_stage_seconds": 0.008128887999191647}
{"case_id": "p0014", "cell": "J50_cycle_factor_w2", "encoding": "exclude_x", "repeat": 2, "status": "SAT", "solve_seconds": 0.004425105000336771, "sat_stage_seconds": 0.007857447000787943}
{"case_id": "p0014", "cell": "J50_cycle_factor_w2", "encoding": "prefix", "repeat": 2, "status": "SAT", "solve_seconds": 0.005500759998540161, "sat_stage_seconds": 0.00917400799698953}
{"case_id": "p0000", "cell": "J20_cycle_factor_w2", "encoding": "prefix", "repeat": 0, "status": "SAT", "solve_seconds": 0.006957931000215467, "sat_stage_seconds": 0.009542706000502221}
{"case_id": "p0000", "cell": "J20_cycle_factor_w2", "encoding": "exclude_x", "repeat": 0, "status": "SAT", "solve_seconds": 0.005767366001236951, "sat_stage_seconds": 0.008114278001812636}
{"case_id": "p0000", "cell": "J20_cycle_factor_w2", "encoding": "exclude_h", "repeat": 0, "status": "SAT", "solve_seconds": 0.005886652999834041, "sat_stage_seconds": 0.008454912998786313}
{"case_id": "p0000", "cell": "J20_cycle_factor_w2", "encoding": "exclude_x", "repeat": 1, "status": "SAT", "solve_seconds": 0.006139856999652693, "sat_stage_seconds": 0.010672349999367725}
{"case_id": "p0000", "cell": "J20_cycle_factor_w2", "encoding": "exclude_h", "repeat": 1, "status": "SAT", "solve_seconds": 0.007796244999553892, "sat_stage_seconds": 0.011265871999057708}
{"case_id": "p0000", "cell": "J20_cycle_factor_w2", "encoding": "prefix", "repeat": 1, "status": "SAT", "solve_seconds": 0.007092470999850775, "sat_stage_seconds": 0.009874807999949553}
{"case_id": "p0000", "cell": "J20_cycle_factor_w2", "encoding": "exclude_h", "repeat": 2, "status": "SAT", "solve_seconds": 0.006002234000334283, "sat_stage_seconds": 0.008466590001262375}
{"case_id": "p0000", "cell": "J20_cycle_factor_w2", "encoding": "prefix", "repeat": 2, "status": "SAT", "solve_seconds": 0.006850331999885384, "sat_stage_seconds": 0.009527012998660211}
{"case_id": "p0000", "cell": "J20_cycle_factor_w2", "encoding": "exclude_x", "repeat": 2, "status": "SAT", "solve_seconds": 0.006194268000399461, "sat_stage_seconds": 0.00857575000190991}
{"case_id": "p0017", "cell": "J50_cycle_factor_w2", "encoding": "prefix", "repeat": 0, "status": "SAT", "solve_seconds": 0.009575623998898664, "sat_stage_seconds": 0.012998871998206596}
{"case_id": "p0017", "cell": "J50_cycle_factor_w2", "encoding": "exclude_x", "repeat": 0, "status": "SAT", "solve_seconds": 0.0034741529998427723, "sat_stage_seconds": 0.00675133499862568}
{"case_id": "p0017", "cell": "J50_cycle_factor_w2", "encoding": "exclude_h", "repeat": 0, "status": "SAT", "solve_seconds": 0.0037228629989840556, "sat_stage_seconds": 0.007110767999620293}
{"case_id": "p0017", "cell": "J50_cycle_factor_w2", "encoding": "exclude_x", "repeat": 1, "status": "SAT", "solve_seconds": 0.003403778999199858, "sat_stage_seconds": 0.006500031999166822}
{"case_id": "p0017", "cell": "J50_cycle_factor_w2", "encoding": "exclude_h", "repeat": 1, "status": "SAT", "solve_seconds": 0.003430459000810515, "sat_stage_seconds": 0.00651105800170626}
{"case_id": "p0017", "cell": "J50_cycle_factor_w2", "encoding": "prefix", "repeat": 1, "status": "SAT", "solve_seconds": 0.009884283001156291, "sat_stage_seconds": 0.013175124000554206}
{"case_id": "p0017", "cell": "J50_cycle_factor_w2", "encoding": "exclude_h", "repeat": 2, "status": "SAT", "solve_seconds": 0.0035394099995755823, "sat_stage_seconds": 0.006688761999612325}
{"case_id": "p0017", "cell": "J50_cycle_factor_w2", "encoding": "prefix", "repeat": 2, "status": "SAT", "solve_seconds": 0.009185867000269354, "sat_stage_seconds": 0.012778625999999349}
{"case_id": "p0017", "cell": "J50_cycle_factor_w2", "encoding": "exclude_x", "repeat": 2, "status": "SAT", "solve_seconds": 0.003480632998616784, "sat_stage_seconds": 0.006840957998065278}
{"case_id": "p0001", "cell": "J20_cycle_factor_w2", "encoding": "exclude_h", "repeat": 0, "status": "SAT", "solve_seconds": 0.007362241000009817, "sat_stage_seconds": 0.00945052899987786}
{"case_id": "p0001", "cell": "J20_cycle_factor_w2", "encoding": "prefix", "repeat": 0, "status": "SAT", "solve_seconds": 0.008137752000038745, "sat_stage_seconds": 0.01058493300115515}
{"case_id": "p0001", "cell": "J20_cycle_factor_w2", "encoding": "exclude_x", "repeat": 0, "status": "SAT", "solve_seconds": 0.0073046859997702995, "sat_stage_seconds": 0.009263762000045972}
{"case_id": "p0001", "cell": "J20_cycle_factor_w2", "encoding": "prefix", "repeat": 1, "status": "SAT", "solve_seconds": 0.008326491999468999, "sat_stage_seconds": 0.010514908000914147}
{"case_id": "p0001", "cell": "J20_cycle_factor_w2", "encoding": "exclude_x", "repeat": 1, "status": "SAT", "solve_seconds": 0.00842861300043296, "sat_stage_seconds": 0.01045908500054793}
{"case_id": "p0001", "cell": "J20_cycle_factor_w2", "encoding": "exclude_h", "repeat": 1, "status": "SAT", "solve_seconds": 0.007215244000690291, "sat_stage_seconds": 0.00912034100110759}
{"case_id": "p0001", "cell": "J20_cycle_factor_w2", "encoding": "exclude_x", "repeat": 2, "status": "SAT", "solve_seconds": 0.00761178100037796, "sat_stage_seconds": 0.00955911900018691}
{"case_id": "p0001", "cell": "J20_cycle_factor_w2", "encoding": "exclude_h", "repeat": 2, "status": "SAT", "solve_seconds": 0.007566403999589966, "sat_stage_seconds": 0.009529126000416}
{"case_id": "p0001", "cell": "J20_cycle_factor_w2", "encoding": "prefix", "repeat": 2, "status": "SAT", "solve_seconds": 0.008503233999363147, "sat_stage_seconds": 0.010777948999020737}
{"case_id": "p0009", "cell": "J35_cycle_factor_w2", "encoding": "exclude_x", "repeat": 0, "status": "SAT", "solve_seconds": 0.006118036000771099, "sat_stage_seconds": 0.009070936001080554}
{"case_id": "p0009", "cell": "J35_cycle_factor_w2", "encoding": "exclude_h", "repeat": 0, "status": "SAT", "solve_seconds": 0.009029884999108617, "sat_stage_seconds": 0.011895144998561591}
{"case_id": "p0009", "cell": "J35_cycle_factor_w2", "encoding": "prefix", "repeat": 0, "status": "SAT", "solve_seconds": 0.00209715099845198, "sat_stage_seconds": 0.0052564879988494795}
{"case_id": "p0009", "cell": "J35_cycle_factor_w2", "encoding": "exclude_h", "repeat": 1, "status": "SAT", "solve_seconds": 0.008783408999079256, "sat_stage_seconds": 0.011646555998595431}
{"case_id": "p0009", "cell": "J35_cycle_factor_w2", "encoding": "prefix", "repeat": 1, "status": "SAT", "solve_seconds": 0.002130090000719065, "sat_stage_seconds": 0.005270408000797033}
{"case_id": "p0009", "cell": "J35_cycle_factor_w2", "encoding": "exclude_x", "repeat": 1, "status": "SAT", "solve_seconds": 0.006689953999739373, "sat_stage_seconds": 0.009603786000297987}
{"case_id": "p0009", "cell": "J35_cycle_factor_w2", "encoding": "prefix", "repeat": 2, "status": "SAT", "solve_seconds": 0.0023840959984227084, "sat_stage_seconds": 0.005508620997716207}
{"case_id": "p0009", "cell": "J35_cycle_factor_w2", "encoding": "exclude_x", "repeat": 2, "status": "SAT", "solve_seconds": 0.0062537159992643865, "sat_stage_seconds": 0.00924057699921832}
{"case_id": "p0009", "cell": "J35_cycle_factor_w2", "encoding": "exclude_h", "repeat": 2, "status": "SAT", "solve_seconds": 0.009965993998775957, "sat_stage_seconds": 0.013433217000056175}
{"case_id": "p0004", "cell": "J20_cycle_factor_w2", "encoding": "exclude_x", "repeat": 0, "status": "SAT", "solve_seconds": 0.0023160159998951713, "sat_stage_seconds": 0.005044633999204962}
{"case_id": "p0004", "cell": "J20_cycle_factor_w2", "encoding": "exclude_h", "repeat": 0, "status": "SAT", "solve_seconds": 0.002601519001473207, "sat_stage_seconds": 0.00481587400281569}
{"case_id": "p0004", "cell": "J20_cycle_factor_w2", "encoding": "prefix", "repeat": 0, "status": "SAT", "solve_seconds": 0.005742699000620632, "sat_stage_seconds": 0.00850913300018874}
{"case_id": "p0004", "cell": "J20_cycle_factor_w2", "encoding": "exclude_h", "repeat": 1, "status": "SAT", "solve_seconds": 0.002265080000142916, "sat_stage_seconds": 0.004356362000180525}
{"case_id": "p0004", "cell": "J20_cycle_factor_w2", "encoding": "prefix", "repeat": 1, "status": "SAT", "solve_seconds": 0.005760414998803753, "sat_stage_seconds": 0.008082809998086304}
{"case_id": "p0004", "cell": "J20_cycle_factor_w2", "encoding": "exclude_x", "repeat": 1, "status": "SAT", "solve_seconds": 0.0022343450000334997, "sat_stage_seconds": 0.00445169500017073}
{"case_id": "p0004", "cell": "J20_cycle_factor_w2", "encoding": "prefix", "repeat": 2, "status": "SAT", "solve_seconds": 0.005823137998959282, "sat_stage_seconds": 0.008199682997656055}
{"case_id": "p0004", "cell": "J20_cycle_factor_w2", "encoding": "exclude_x", "repeat": 2, "status": "SAT", "solve_seconds": 0.0023016249997453997, "sat_stage_seconds": 0.004358306001449819}
{"case_id": "p0004", "cell": "J20_cycle_factor_w2", "encoding": "exclude_h", "repeat": 2, "status": "SAT", "solve_seconds": 0.0022108899993327213, "sat_stage_seconds": 0.004219919999741251}
{"case_id": "p0012", "cell": "J50_cycle_factor_w2", "encoding": "exclude_x", "repeat": 0, "status": "SAT", "solve_seconds": 0.012849119999373215, "sat_stage_seconds": 0.016307349998896825}
{"case_id": "p0012", "cell": "J50_cycle_factor_w2", "encoding": "exclude_h", "repeat": 0, "status": "SAT", "solve_seconds": 0.007484011999622453, "sat_stage_seconds": 0.011193845000889269}
{"case_id": "p0012", "cell": "J50_cycle_factor_w2", "encoding": "prefix", "repeat": 0, "status": "SAT", "solve_seconds": 0.004829284000152256, "sat_stage_seconds": 0.008235295999838854}
{"case_id": "p0012", "cell": "J50_cycle_factor_w2", "encoding": "exclude_h", "repeat": 1, "status": "SAT", "solve_seconds": 0.007623539000633173, "sat_stage_seconds": 0.011032956001145067}
{"case_id": "p0012", "cell": "J50_cycle_factor_w2", "encoding": "prefix", "repeat": 1, "status": "SAT", "solve_seconds": 0.005356375999326701, "sat_stage_seconds": 0.009347736999188783}
{"case_id": "p0012", "cell": "J50_cycle_factor_w2", "encoding": "exclude_x", "repeat": 1, "status": "SAT", "solve_seconds": 0.012274658998649102, "sat_stage_seconds": 0.015740649998406298}
{"case_id": "p0012", "cell": "J50_cycle_factor_w2", "encoding": "prefix", "repeat": 2, "status": "SAT", "solve_seconds": 0.004817365999770118, "sat_stage_seconds": 0.0082963570002903}
{"case_id": "p0012", "cell": "J50_cycle_factor_w2", "encoding": "exclude_x", "repeat": 2, "status": "SAT", "solve_seconds": 0.013252628999907756, "sat_stage_seconds": 0.01662367000062659}
{"case_id": "p0012", "cell": "J50_cycle_factor_w2", "encoding": "exclude_h", "repeat": 2, "status": "SAT", "solve_seconds": 0.006814227999711875, "sat_stage_seconds": 0.010475499999301974}
{"completed": true, "cases": 16, "runs": 144}
