{"total_generated": 18, "total_reaching_sat": 16, "encodings": ["prefix", "exclude_x", "exclude_h"], "repeats": 3, "timeout_seconds": 5.0}
{"case_id": "p0010", "cell": "J35_cycle_factor_w2", "encoding": "prefix", "repeat": 0, "status": "SAT", "solve_seconds": 0.007006311001532595, "sat_stage_seconds": 0.011552023001058842}
{"case_id": "p0010", "cell": "J35_cycle_factor_w2", "encoding": "exclude_h", "repeat": 0, "status": "SAT", "solve_seconds": 0.0032138170008693123, "sat_stage_seconds": 0.006933763999768416}
{"case_id": "p0010", "cell": "J35_cycle_factor_w2", "encoding": "exclude_x", "repeat": 0, "status": "SAT", "solve_seconds": 0.0031561409996356815, "sat_stage_seconds": 0.006718434999129386}
{"case_id": "p0010", "cell": "J35_cycle_factor_w2", "encoding": "exclude_h", "repeat": 1, "status": "SAT", "solve_seconds": 0.003357430001415196, "sat_stage_seconds": 0.0068990220006526215}
{"case_id": "p0010", "cell": "J35_cycle_factor_w2", "encoding": "exclude_x", "repeat": 1, "status": "SAT", "solve_seconds": 0.003042012000150862, "sat_stage_seconds": 0.006734518001394463}
{"case_id": "p0010", "cell": "J35_cycle_factor_w2", "encoding": "prefix", "repeat": 1, "status": "SAT", "solve_seconds": 0.007498671000575996, "sat_stage_seconds": 0.011731630002032034}
{"case_id": "p0010", "cell": "J35_cycle_factor_w2", "encoding": "exclude_x", "repeat": 2, "status": "SAT", "solve_seconds": 0.003657724999357015, "sat_stage_seconds": 0.0076925989997107536}
{"case_id": "p0010", "cell": "J35_cycle_factor_w2", "encoding": "prefix", "repeat": 2, "status": "SAT", "solve_seconds": 0.006827396000517183, "sat_stage_seconds": 0.010996950000844663}
{"case_id": "p0010", "cell": "J35_cycle_factor_w2", "encoding": "exclude_h", "repeat": 2, "status": "SAT", "solve_seconds": 0.003628571999797714, "sat_stage_seconds": 0.007237525000164169}
{"case_id": "p0007", "cell": "J35_cycle_factor_w2", "encoding": "prefix", "repeat": 0, "status": "SAT", "solve_seconds": 0.006848396998975659, "sat_stage_seconds": 0.011069386999224662}
{"case_id": "p0007", "cell": "J35_cycle_factor_w2", "encoding": "exclude_h", "repeat": 0, "status": "SAT", "solve_seconds": 0.007348098000875325, "sat_stage_seconds": 0.012378769000861212}
{"case_id": "p0007", "cell": "J35_cycle_factor_w2", "encoding": "exclude_x", "repeat": 0, "status": "SAT", "solve_seconds": 0.00585897900054988, "sat_stage_seconds": 0.009775938999155187}
{"case_id": "p0007", "cell": "J35_cycle_factor_w2", "encoding": "exclude_h", "repeat": 1, "status": "SAT", "solve_seconds": 0.00821779800025979, "sat_stage_seconds": 0.012156179000157863}
{"case_id": "p0007", "cell": "J35_cycle_factor_w2", "encoding": "exclude_x", "repeat": 1, "status": "SAT", "solve_seconds": 0.006114888999945833, "sat_stage_seconds": 0.00999241000135953}
{"case_id": "p0007", "cell": "J35_cycle_factor_w2", "encoding": "prefix", "repeat": 1, "status": "SAT", "solve_seconds": 0.0053196299995761365, "sat_stage_seconds": 0.009983526999349124}
{"case_id": "p0007", "cell": "J35_cycle_factor_w2", "encoding": "exclude_x", "repeat": 2, "status": "SAT", "solve_seconds": 0.006094800000937539, "sat_stage_seconds": 0.0095243070009019}
{"case_id": "p0007", "cell": "J35_cycle_factor_w2", "encoding": "prefix", "repeat": 2, "status": "SAT", "solve_seconds": 0.0052410429998417385, "sat_stage_seconds": 0.010283301999152172}
{"case_id": "p0007", "cell": "J35_cycle_factor_w2", "encoding": "exclude_h", "repeat": 2, "status": "SAT", "solve_seconds": 0.006250901000385056, "sat_stage_seconds": 0.00962783899922215}
{"case_id": "p0006", "cell": "J35_cycle_factor_w2", "encoding": "prefix", "repeat": 0, "status": "SAT", "solve_seconds": 0.004768071999933454, "sat_stage_seconds": 0.009671124000306008}
{"case_id": "p0006", "cell": "J35_cycle_factor_w2", "encoding": "exclude_x", "repeat": 0, "status": "SAT", "solve_seconds": 0.003872654000588227, "sat_stage_seconds": 0.007806849000189686}
{"case_id": "p0006", "cell": "J35_cycle_factor_w2", "encoding": "exclude_h", "repeat": 0, "status": "SAT", "solve_seconds": 0.003953273000661284, "sat_stage_seconds": 0.007539902000644361}
{"case_id": "p0006", "cell": "J35_cycle_factor_w2", "encoding": "exclude_x", "repeat": 1, "status": "SAT", "solve_seconds": 0.0040810919999785256, "sat_stage_seconds": 0.007916971000668127}
{"case_id": "p0006", "cell": "J35_cycle_factor_w2", "encoding": "exclude_h", "repeat": 1, "status": "SAT", "solve_seconds": 0.00387207299900183, "sat_stage_seconds": 0.0075747049995698035}
{"case_id": "p0006", "cell": "J35_cycle_factor_w2", "encoding": "prefix", "repeat": 1, "status": "SAT", "solve_seconds": 0.004564619999655406, "sat_stage_seconds": 0.009407221998117166}
{"case_id": "p0006", "cell": "J35_cycle_factor_w2", "encoding": "exclude_h", "repeat": 2, "status": "SAT", "solve_seconds": 0.005157608999070362, "sat_stage_seconds": 0.008753713000260177}
{"case_id": "p0006", "cell": "J35_cycle_factor_w2", "encoding": "prefix", "repeat": 2, "status": "SAT", "solve_seconds": 0.0043311339995852904, "sat_stage_seconds": 0.008720363999600522}
{"case_id": "p0006", "cell": "J35_cycle_factor_w2", "encoding": "exclude_x", "repeat": 2, "status": "SAT", "solve_seconds": 0.0038911310002731625, "sat_stage_seconds": 0.007870192999689607}
{"case_id": "p0016", "cell": "J50_cycle_factor_w2", "encoding": "prefix", "repeat": 0, "status": "SAT", "solve_seconds": 0.008221703999879537, "sat_stage_seconds": 0.01224397899932228}
{"case_id": "p0016", "cell": "J50_cycle_factor_w2", "encoding": "exclude_x", "repeat": 0, "status": "SAT", "solve_seconds": 0.004692088999945554, "sat_stage_seconds": 0.009185292999973171}
{"case_id": "p0016", "cell": "J50_cycle_factor_w2", "encoding": "exclude_h", "repeat": 0, "status": "SAT", "solve_seconds": 0.00521525500153075, "sat_stage_seconds": 0.008979377002106048}
{"case_id": "p0016", "cell": "J50_cycle_factor_w2", "encoding": "exclude_x", "repeat": 1, "status": "SAT", "solve_seconds": 0.0055687490003037965, "sat_stage_seconds": 0.010909060001722537}
{"case_id": "p0016", "cell": "J50_cycle_factor_w2", "encoding": "exclude_h", "repeat": 1, "status": "SAT", "solve_seconds": 0.0042816000004677335, "sat_stage_seconds": 0.007994467001481098}
{"case_id": "p0016", "cell": "J50_cycle_factor_w2", "encoding": "prefix", "repeat": 1, "status": "SAT", "solve_seconds": 0.00835529200048768, "sat_stage_seconds": 0.012732904000586132}
{"case_id": "p0016", "cell": "J50_cycle_factor_w2", "encoding": "exclude_h", "repeat": 2, "status": "SAT", "solve_seconds": 0.006181156999446102, "sat_stage_seconds": 0.01076279199878627}
{"case_id": "p0016", "cell": "J50_cycle_factor_w2", "encoding": "prefix", "repeat": 2, "status": "SAT", "solve_seconds": 0.007780448999255896, "sat_stage_seconds": 0.012021518999972614}
{"case_id": "p0016", "cell": "J50_cycle_factor_w2", "encoding": "exclude_x", "repeat": 2, "status": "SAT", "solve_seconds": 0.004560134000712424, "sat_stage_seconds": 0.00851169499946991}
{"case_id": "p0011", "cell": "J35_cycle_factor_w2", "encoding": "exclude_h", "repeat": 0, "status": "SAT", "solve_seconds": 0.011203661999388714, "sat_stage_seconds": 0.01551222099988081}
{"case_id": "p0011", "cell": "J35_cycle_factor_w2", "encoding": "exclude_x", "repeat": 0, "status": "SAT", "solve_seconds": 0.011375201000191737, "sat_stage_seconds": 0.01564069699998072}
{"case_id": "p0011", "cell": "J35_cycle_factor_w2", "encoding": "prefix", "repeat": 0, "status": "SAT", "solve_seconds": 0.010888520000662538, "sat_stage_seconds": 0.01509635000002163}
{"case_id": "p0011", "cell": "J35_cycle_factor_w2", "encoding": "exclude_x", "repeat": 1, "status": "SAT", "solve_seconds": 0.011039484001230448, "sat_stage_seconds": 0.014722155001436477}
{"case_id": "p0011", "cell": "J35_cycle_factor_w2", "encoding": "prefix", "repeat": 1, "status": "SAT", "solve_seconds": 0.011162025000885478, "sat_stage_seconds": 0.015383134999865433}
{"case_id": "p0011", "cell": "J35_cycle_factor_w2", "encoding": "exclude_h", "repeat": 1, "status": "SAT", "solve_seconds": 0.011367368999344762, "sat_stage_seconds": 0.015907943999991403}
{"case_id": "p0011", "cell": "J35_cycle_factor_w2", "encoding": "prefix", "repeat": 2, "status": "SAT", "solve_seconds": 0.010785084999952232, "sat_stage_seconds": 0.01498840900057985}
{"case_id": "p0011", "cell": "J35_cycle_factor_w2", "encoding": "exclude_h", "repeat": 2, "status": "SAT", "solve_seconds": 0.009538996999253868, "sat_stage_seconds": 0.013801287999740453}
{"case_id": "p0011", "cell": "J35_cycle_factor_w2", "encoding": "exclude_x", "repeat": 2, "status": "SAT", "solve_seconds": 0.012408213000526302, "sat_stage_seconds": 0.016766296001151204}
{"case_id": "p0013", "cell": "J50_cycle_factor_w2", "encoding": "exclude_h", "repeat": 0, "status": "SAT", "solve_seconds": 0.004350291999799083, "sat_stage_seconds": 0.00898908199997095}
{"case_id": "p0013", "cell": "J50_cycle_factor_w2", "encoding": "prefix", "repeat": 0, "status": "SAT", "solve_seconds": 0.004199168000923237, "sat_stage_seconds": 0.008839640002406668}
{"case_id": "p0013", "cell": "J50_cycle_factor_w2", "encoding": "exclude_x", "repeat": 0, "status": "SAT", "solve_seconds": 0.004384852998555289, "sat_stage_seconds": 0.007841879998522927}
{"case_id": "p0013", "cell": "J50_cycle_factor_w2", "encoding": "prefix", "repeat": 1, "status": "SAT", "solve_seconds": 0.004384572999697411, "sat_stage_seconds": 0.008077930999206728}
{"case_id": "p0013", "cell": "J50_cycle_factor_w2", "encoding": "exclude_x", "repeat": 1, "status": "SAT", "solve_seconds": 0.004446254999493249, "sat_stage_seconds": 0.009550955999657162}
{"case_id": "p0013", "cell": "J50_cycle_factor_w2", "encoding": "exclude_h", "repeat": 1, "status": "SAT", "solve_seconds": 0.00424765999923693, "sat_stage_seconds": 0.008235313998739002}
{"case_id": "p0013", "cell": "J50_cycle_factor_w2", "encoding": "exclude_x", "repeat": 2, "status": "SAT", "solve_seconds": 0.0040116399995895335, "sat_stage_seconds": 0.00793064199933724}
{"case_id": "p0013", "cell": "J50_cycle_factor_w2", "encoding": "exclude_h", "repeat": 2, "status": "SAT", "solve_seconds": 0.004295781000109855, "sat_stage_seconds": 0.008413809000558103}
{"case_id": "p0013", "cell": "J50_cycle_factor_w2", "encoding": "prefix", "repeat": 2, "status": "SAT", "solve_seconds": 0.004790124999999534, "sat_stage_seconds": 0.01187646499965922}
{"case_id": "p0003", "cell": "J20_cycle_factor_w2", "encoding": "exclude_h", "repeat": 0, "status": "SAT", "solve_seconds": 0.004210494000290055, "sat_stage_seconds": 0.007163284000853309}
{"case_id": "p0003", "cell": "J20_cycle_factor_w2", "encoding": "prefix", "repeat": 0, "status": "SAT", "solve_seconds": 0.004705007999291411, "sat_stage_seconds": 0.007550478998382459}
{"case_id": "p0003", "cell": "J20_cycle_factor_w2", "encoding": "exclude_x", "repeat": 0, "status": "SAT", "solve_seconds": 0.003858603000480798, "sat_stage_seconds": 0.006826876000559423}
{"case_id": "p0003", "cell": "J20_cycle_factor_w2", "encoding": "prefix", "repeat": 1, "status": "SAT", "solve_seconds": 0.00489937599922996, "sat_stage_seconds": 0.00827333999768598}
{"case_id": "p0003", "cell": "J20_cycle_factor_w2", "encoding": "exclude_x", "repeat": 1, "status": "SAT", "solve_seconds": 0.0044727830008923775, "sat_stage_seconds": 0.008056238000790472}
{"case_id": "p0003", "cell": "J20_cycle_factor_w2", "encoding": "exclude_h", "repeat": 1, "status": "SAT", "solve_seconds": 0.00439186299990979, "sat_stage_seconds": 0.007333775998631609}
{"case_id": "p0003", "cell": "J20_cycle_factor_w2", "encoding": "exclude_x", "repeat": 2, "status": "SAT", "solve_seconds": 0.004194922001261148, "sat_stage_seconds": 0.009277180000935914}
{"case_id": "p0003", "cell": "J20_cycle_factor_w2", "encoding": "exclude_h", "repeat": 2, "status": "SAT", "solve_seconds": 0.0045203139998193365, "sat_stage_seconds": 0.007616155000505387}
{"case_id": "p0003", "cell": "J20_cycle_factor_w2", "encoding": "prefix", "repeat": 2, "status": "SAT", "solve_seconds": 0.004730986000140547, "sat_stage_seconds": 0.0079102919989964}
{"case_id": "p0015", "cell": "J50_cycle_factor_w2", "encoding": "prefix", "repeat": 0, "status": "SAT", "solve_seconds": 0.006961154000237002, "sat_stage_seconds": 0.011584341000343557}
{"case_id": "p0015", "cell": "J50_cycle_factor_w2", "encoding": "exclude_x", "repeat": 0, "status": "SAT", "solve_seconds": 0.004770786001245142, "sat_stage_seconds": 0.009017545000460814}
{"case_id": "p0015", "cell": "J50_cycle_factor_w2", "encoding": "exclude_h", "repeat": 0, "status": "SAT", "solve_seconds": 0.005100784999740426, "sat_stage_seconds": 0.009563614001308451}
{"case_id": "p0015", "cell": "J50_cycle_factor_w2", "encoding": "exclude_x", "repeat": 1, "status": "SAT", "solve_seconds": 0.004618330000084825, "sat_stage_seconds": 0.009590473999196547}
{"case_id": "p0015", "cell": "J50_cycle_factor_w2", "encoding": "exclude_h", "repeat": 1, "status": "SAT", "solve_seconds": 0.0050856420002673985, "sat_stage_seconds": 0.009650211000916897}
{"case_id": "p0015", "cell": "J50_cycle_factor_w2", "encoding": "prefix", "repeat": 1, "status": "SAT", "solve_seconds": 0.006876108000142267, "sat_stage_seconds": 0.012427961999492254}
{"case_id": "p0015", "cell": "J50_cycle_factor_w2", "encoding": "exclude_h", "repeat": 2, "status": "SAT", "solve_seconds": 0.004267368998625898, "sat_stage_seconds": 0.009109099999477621}
{"case_id": "p0015", "cell": "J50_cycle_factor_w2", "encoding": "prefix", "repeat": 2, "status": "SAT", "solve_seconds": 0.0070339420017262455, "sat_stage_seconds": 0.011683929002174409}
{"case_id": "p0015", "cell": "J50_cycle_factor_w2", "encoding": "exclude_x", "repeat": 2, "status": "SAT", "solve_seconds": 0.0044593839993467554, "sat_stage_seconds": 0.008907631998226861}
{"case_id": "p0008", "cell": "J35_cycle_factor_w2", "encoding": "prefix", "repeat": 0, "status": "SAT", "solve_seconds": 0.009071163998669363, "sat_stage_seconds": 0.01306361599927186}
{"case_id": "p0008", "cell": "J35_cycle_factor_w2", "encoding": "exclude_h", "repeat": 0, "status": "SAT", "solve_seconds": 0.008342142999026692, "sat_stage_seconds": 0.011807101998783764}
{"case_id": "p0008", "cell": "J35_cycle_factor_w2", "encoding": "exclude_x", "repeat": 0, "status": "SAT", "solve_seconds": 0.007955679999213316, "sat_stage_seconds": 0.011954300998695544}
{"case_id": "p0008", "cell": "J35_cycle_factor_w2", "encoding": "exclude_h", "repeat": 1, "status": "SAT", "solve_seconds": 0.008444174000032945, "sat_stage_seconds": 0.012691122999967774}
{"case_id": "p0008", "cell": "J35_cycle_factor_w2", "encoding": "exclude_x", "repeat": 1, "status": "SAT", "solve_seconds": 0.009353321998787578, "sat_stage_seconds": 0.015084671998920385}
{"case_id": "p0008", "cell": "J35_cycle_factor_w2", "encoding": "prefix", "repeat": 1, "status": "SAT", "solve_seconds": 0.011399697001252207, "sat_stage_seconds": 0.01713564400051837}
{"case_id": "p0008", "cell": "J35_cycle_factor_w2", "encoding": "exclude_x", "repeat": 2, "status": "SAT", "solve_seconds": 0.007200018999355962, "sat_stage_seconds": 0.010757404999822029}
{"case_id": "p0008", "cell": "J35_cycle_factor_w2", "encoding": "prefix", "repeat": 2, "status": "SAT", "solve_seconds": 0.009044293999977526, "sat_stage_seconds": 0.012701869000011357}
{"case_id": "p0008", "cell": "J35_cycle_factor_w2", "encoding": "exclude_h", "repeat": 2, "status": "SAT", "solve_seconds": 0.00904251099927933, "sat_stage_seconds": 0.012647156998355058}
{"case_id": "p0014", "cell": "J50_cycle_factor_w2", "encoding": "exclude_x", "repeat": 0, "status": "SAT", "solve_seconds": 0.004396670999994967, "sat_stage_seconds": 0.009277750999899581}
{"case_id": "p0014", "cell": "J50_cycle_factor_w2", "encoding": "prefix", "repeat": 0, "status": "SAT", "solve_seconds": 0.0065723269999580225, "sat_stage_seconds": 0.011071720000472851}
{"case_id": "p0014", "cell": "J50_cycle_factor_w2", "encoding": "exclude_h", "repeat": 0, "status": "SAT", "solve_seconds": 0.0038232609986152966, "sat_stage_seconds": 0.007939175999126746}
{"case_id": "p0014", "cell": "J50_cycle_factor_w2", "encoding": "prefix", "repeat": 1, "status": "SAT", "solve_seconds": 0.0068204760009393794, "sat_stage_seconds": 0.01158708600087266}
{"case_id": "p0014", "cell": "J50_cycle_factor_w2", "encoding": "exclude_h", "repeat": 1, "status": "SAT", "solve_seconds": 0.005390353999246145, "sat_stage_seconds": 0.010904120999839506}
{"case_id": "p0014", "cell": "J50_cycle_factor_w2", "encoding": "exclude_x", "repeat": 1, "status": "SAT", "solve_seconds": 0.0044397250003385125, "sat_stage_seconds": 0.009933282999554649}
{"case_id": "p0014", "cell": "J50_cycle_factor_w2", "encoding": "exclude_h", "repeat": 2, "status": "SAT", "solve_seconds": 0.0042841739996219985, "sat_stage_seconds": 0.00864995799929602}
{"case_id": "p0014", "cell": "J50_cycle_factor_w2", "encoding": "exclude_x", "repeat": 2, "status": "SAT", "solve_seconds": 0.003992010999354534, "sat_stage_seconds": 0.008213181999963126}
{"case_id": "p0014", "cell": "J50_cycle_factor_w2", "encoding": "prefix", "repeat": 2, "status": "SAT", "solve_seconds": 0.0059014120015490334, "sat_stage_seconds": 0.010213156001555035}
{"case_id": "p0000", "cell": "J20_cycle_factor_w2", "encoding": "prefix", "repeat": 0, "status": "SAT", "solve_seconds": 0.010278584999468876, "sat_stage_seconds": 0.013209691998781636}
{"case_id": "p0000", "cell": "J20_cycle_factor_w2", "encoding": "exclude_x", "repeat": 0, "status": "SAT", "solve_seconds": 0.0044153990002087085, "sat_stage_seconds": 0.007562647000668221}
{"case_id": "p0000", "cell": "J20_cycle_factor_w2", "encoding": "exclude_h", "repeat": 0, "status": "SAT", "solve_seconds": 0.004935779999868828, "sat_stage_seconds": 0.008094785000139382}
{"case_id": "p0000", "cell": "J20_cycle_factor_w2", "encoding": "exclude_x", "repeat": 1, "status": "SAT", "solve_seconds": 0.0050659539992921054, "sat_stage_seconds": 0.008050699998420896}
{"case_id": "p0000", "cell": "J20_cycle_factor_w2", "encoding": "exclude_h", "repeat": 1, "status": "SAT", "solve_seconds": 0.004767341000842862, "sat_stage_seconds": 0.008666233999974793}
{"case_id": "p0000", "cell": "J20_cycle_factor_w2", "encoding": "prefix", "repeat": 1, "status": "SAT", "solve_seconds": 0.013181309999708901, "sat_stage_seconds": 0.016272794999167672}
{"case_id": "p0000", "cell": "J20_cycle_factor_w2", "encoding": "exclude_h", "repeat": 2, "status": "SAT", "solve_seconds": 0.006083012000090093, "sat_stage_seconds": 0.009597694999683881}
{"case_id": "p0000", "cell": "J20_cycle_factor_w2", "encoding": "prefix", "repeat": 2, "status": "SAT", "solve_seconds": 0.009863769000730827, "sat_stage_seconds": 0.0148160030003055}
{"case_id": "p0000", "cell": "J20_cycle_factor_w2", "encoding": "exclude_x", "repeat": 2, "status": "SAT", "solve_seconds": 0.004450750999239972, "sat_stage_seconds": 0.007337742998061003}
{"case_id": "p0017", "cell": "J50_cycle_factor_w2", "encoding": "prefix", "repeat": 0, "status": "SAT", "solve_seconds": 0.009670442999777151, "sat_stage_seconds": 0.014133642000160762}
{"case_id": "p0017", "cell": "J50_cycle_factor_w2", "encoding": "exclude_x", "repeat": 0, "status": "SAT", "solve_seconds": 0.004280168001059792, "sat_stage_seconds": 0.008564963000026182}
{"case_id": "p0017", "cell": "J50_cycle_factor_w2", "encoding": "exclude_h", "repeat": 0, "status": "SAT", "solve_seconds": 0.0045079960000293795, "sat_stage_seconds": 0.008319098000356462}
{"case_id": "p0017", "cell": "J50_cycle_factor_w2", "encoding": "exclude_x", "repeat": 1, "status": "SAT", "solve_seconds": 0.004322982000303455, "sat_stage_seconds": 0.008065693000389729}
{"case_id": "p0017", "cell": "J50_cycle_factor_w2", "encoding": "exclude_h", "repeat": 1, "status": "SAT", "solve_seconds": 0.0065284020001854515, "sat_stage_seconds": 0.010499903000891209}
{"case_id": "p0017", "cell": "J50_cycle_factor_w2", "encoding": "prefix", "repeat": 1, "status": "SAT", "solve_seconds": 0.010465502000442939, "sat_stage_seconds": 0.014624621000621119}
{"case_id": "p0017", "cell": "J50_cycle_factor_w2", "encoding": "exclude_h", "repeat": 2, "status": "SAT", "solve_seconds": 0.004978472999937367, "sat_stage_seconds": 0.00969443699978001}
{"case_id": "p0017", "cell": "J50_cycle_factor_w2", "encoding": "prefix", "repeat": 2, "status": "SAT", "solve_seconds": 0.0514901499991538, "sat_stage_seconds": 0.05687703899820917}
{"case_id": "p0017", "cell": "J50_cycle_factor_w2", "encoding": "exclude_x", "repeat": 2, "status": "SAT", "solve_seconds": 0.004681964001065353, "sat_stage_seconds": 0.008757208001043182}
{"case_id": "p0001", "cell": "J20_cycle_factor_w2", "encoding": "exclude_h", "repeat": 0, "status": "SAT", "solve_seconds": 0.009106135999900289, "sat_stage_seconds": 0.011735686000974965}
{"case_id": "p0001", "cell": "J20_cycle_factor_w2", "encoding": "prefix", "repeat": 0, "status": "SAT", "solve_seconds": 0.01223709899932146, "sat_stage_seconds": 0.015052473998366622}
{"case_id": "p0001", "cell": "J20_cycle_factor_w2", "encoding": "exclude_x", "repeat": 0, "status": "SAT", "solve_seconds": 0.008578132999900845, "sat_stage_seconds": 0.01157848299953912}
{"case_id": "p0001", "cell": "J20_cycle_factor_w2", "encoding": "prefix", "repeat": 1, "status": "SAT", "solve_seconds": 0.01639883200004988, "sat_stage_seconds": 0.021746403999713948}
{"case_id": "p0001", "cell": "J20_cycle_factor_w2", "encoding": "exclude_x", "repeat": 1, "status": "SAT", "solve_seconds": 0.0066956009995919885, "sat_stage_seconds": 0.00967762300024333}
{"case_id": "p0001", "cell": "J20_cycle_factor_w2", "encoding": "exclude_h", "repeat": 1, "status": "SAT", "solve_seconds": 0.005820001000756747, "sat_stage_seconds": 0.00965509300112899}
{"case_id": "p0001", "cell": "J20_cycle_factor_w2", "encoding": "exclude_x", "repeat": 2, "status": "SAT", "solve_seconds": 0.007583446998978616, "sat_stage_seconds": 0.011420317998272367}
{"case_id": "p0001", "cell": "J20_cycle_factor_w2", "encoding": "exclude_h", "repeat": 2, "status": "SAT", "solve_seconds": 0.005711952000638121, "sat_stage_seconds": 0.009350228001494543}
{"case_id": "p0001", "cell": "J20_cycle_factor_w2", "encoding": "prefix", "repeat": 2, "status": "SAT", "solve_seconds": 0.009686094999779016, "sat_stage_seconds": 0.01348100399991381}
{"case_id": "p0009", "cell": "J35_cycle_factor_w2", "encoding": "exclude_x", "repeat": 0, "status": "SAT", "solve_seconds": 0.005938937998507754, "sat_stage_seconds": 0.011195423998287879}
{"case_id": "p0009", "cell": "J35_cycle_factor_w2", "encoding": "exclude_h", "repeat": 0, "status": "SAT", "solve_seconds": 0.00473444199997175, "sat_stage_seconds": 0.009822608999456861}
{"case_id": "p0009", "cell": "J35_cycle_factor_w2", "encoding": "prefix", "repeat": 0, "status": "SAT", "solve_seconds": 0.004511992001425824, "sat_stage_seconds": 0.008179832002497278}
{"case_id": "p0009", "cell": "J35_cycle_factor_w2", "encoding": "exclude_h", "repeat": 1, "status": "SAT", "solve_seconds": 0.004203825001241057, "sat_stage_seconds": 0.0076486739999381825}
{"case_id": "p0009", "cell": "J35_cycle_factor_w2", "encoding": "prefix", "repeat": 1, "status": "SAT", "solve_seconds": 0.004423931999554043, "sat_stage_seconds": 0.008015848998184083}
{"case_id": "p0009", "cell": "J35_cycle_factor_w2", "encoding": "exclude_x", "repeat": 1, "status": "SAT", "solve_seconds": 0.0047250280003936496, "sat_stage_seconds": 0.008246461000453564}
{"case_id": "p0009", "cell": "J35_cycle_factor_w2", "encoding": "prefix", "repeat": 2, "status": "SAT", "solve_seconds": 0.0046435469994321465, "sat_stage_seconds": 0.008076478998191305}
{"case_id": "p0009", "cell": "J35_cycle_factor_w2", "encoding": "exclude_x", "repeat": 2, "status": "SAT", "solve_seconds": 0.0053439160001289565, "sat_stage_seconds": 0.009134959000220988}
{"case_id": "p0009", "cell": "J35_cycle_factor_w2", "encoding": "exclude_h", "repeat": 2, "status": "SAT", "solve_seconds": 0.004140641000049072, "sat_stage_seconds": 0.007815560999006266}
{"case_id": "p0004", "cell": "J20_cycle_factor_w2", "encoding": "exclude_x", "repeat": 0, "status": "SAT", "solve_seconds": 0.004460785999981454, "sat_stage_seconds": 0.00716794100117113}
{"case_id": "p0004", "cell": "J20_cycle_factor_w2", "encoding": "exclude_h", "repeat": 0, "status": "SAT", "solve_seconds": 0.004571911000311957, "sat_stage_seconds": 0.006995415998972021}
{"case_id": "p0004", "cell": "J20_cycle_factor_w2", "encoding": "prefix", "repeat": 0, "status": "SAT", "solve_seconds": 0.0015902679988357704, "sat_stage_seconds": 0.004619230998287094}
{"case_id": "p0004", "cell": "J20_cycle_factor_w2", "encoding": "exclude_h", "repeat": 1, "status": "SAT", "solve_seconds": 0.004126670000914601, "sat_stage_seconds": 0.006600108001293847}
{"case_id": "p0004", "cell": "J20_cycle_factor_w2", "encoding": "prefix", "repeat": 1, "status": "SAT", "solve_seconds": 0.0014944659997127019, "sat_stage_seconds": 0.004304473999582115}
{"case_id": "p0004", "cell": "J20_cycle_factor_w2", "encoding": "exclude_x", "repeat": 1, "status": "SAT", "solve_seconds": 0.004007393999927444, "sat_stage_seconds": 0.006279863999225199}
{"case_id": "p0004", "cell": "J20_cycle_factor_w2", "encoding": "prefix", "repeat": 2, "status": "SAT", "solve_seconds": 0.0014967500010243384, "sat_stage_seconds": 0.004130647001147736}
{"case_id": "p0004", "cell": "J20_cycle_factor_w2", "encoding": "exclude_x", "repeat": 2, "status": "SAT", "solve_seconds": 0.004774971999722766, "sat_stage_seconds": 0.00709388100040087}
{"case_id": "p0004", "cell": "J20_cycle_factor_w2", "encoding": "exclude_h", "repeat": 2, "status": "SAT", "solve_seconds": 0.004450311000255169, "sat_stage_seconds": 0.007302690999495098}
{"case_id": "p0012", "cell": "J50_cycle_factor_w2", "encoding": "exclude_x", "repeat": 0, "status": "SAT", "solve_seconds": 0.005266752001261921, "sat_stage_seconds": 0.009381354000652209}
{"case_id": "p0012", "cell": "J50_cycle_factor_w2", "encoding": "exclude_h", "repeat": 0, "status": "SAT", "solve_seconds": 0.005356264000511146, "sat_stage_seconds": 0.009159965002254467}
{"case_id": "p0012", "cell": "J50_cycle_factor_w2", "encoding": "prefix", "repeat": 0, "status": "SAT", "solve_seconds": 0.0067025200005446095, "sat_stage_seconds": 0.010585740001261001}
{"case_id": "p0012", "cell": "J50_cycle_factor_w2", "encoding": "exclude_h", "repeat": 1, "status": "SAT", "solve_seconds": 0.005397495000579511, "sat_stage_seconds": 0.01011359999938577}
{"case_id": "p0012", "cell": "J50_cycle_factor_w2", "encoding": "prefix", "repeat": 1, "status": "SAT", "solve_seconds": 0.006897780000144849, "sat_stage_seconds": 0.010825825000210898}
{"case_id": "p0012", "cell": "J50_cycle_factor_w2", "encoding": "exclude_x", "repeat": 1, "status": "SAT", "solve_seconds": 0.005421339999884367, "sat_stage_seconds": 0.009402575000422075}
{"case_id": "p0012", "cell": "J50_cycle_factor_w2", "encoding": "prefix", "repeat": 2, "status": "SAT", "solve_seconds": 0.006505859000753844, "sat_stage_seconds": 0.0106058600013057}
{"case_id": "p0012", "cell": "J50_cycle_factor_w2", "encoding": "exclude_x", "repeat": 2, "status": "SAT", "solve_seconds": 0.005342484000721015, "sat_stage_seconds": 0.009264761001759325}
{"case_id": "p0012", "cell": "J50_cycle_factor_w2", "encoding": "exclude_h", "repeat": 2, "status": "SAT", "solve_seconds": 0.00521545499941567, "sat_stage_seconds": 0.009112794999964535}
{"completed": true, "cases": 16, "runs": 144}
